QA output created by 008

randholes.1 : -l FSIZE -c 50 -b BLKSIZE
------------------------------------------
holes is in range

randholes.2 : -l FSIZE -c 100 -b BLKSIZE
------------------------------------------
holes is in range

randholes.3 : -l FSIZE -c 100 -b 512
------------------------------------------
holes is in range

randholes.4 : -d -l FSIZE -c 50 -b BLKSIZE
------------------------------------------
holes is in range

randholes.5 : -d -l FSIZE -c 100 -b BLKSIZE
------------------------------------------
holes is in range
